Archive member included to satisfy reference by file (symbol)

C:/ProgramData/MATLAB/SupportPackages/R2025b/3P.instrset/gnuarm-armcortex.instrset/win/bin/../lib/gcc/arm-none-eabi/13.2.1/thumb/v7e-m+fp/hard\libgcc.a(_arm_truncdfsf2.o)
                              mw_freertos_init.c.o (__aeabi_d2f)
C:/ProgramData/MATLAB/SupportPackages/R2025b/3P.instrset/gnuarm-armcortex.instrset/win/bin/../lib/gcc/arm-none-eabi/13.2.1/thumb/v7e-m+fp/hard\libgcc.a(_aeabi_uldivmod.o)
                              stm32f4xx_hal_rcc.c.o (__aeabi_uldivmod)
C:/ProgramData/MATLAB/SupportPackages/R2025b/3P.instrset/gnuarm-armcortex.instrset/win/bin/../lib/gcc/arm-none-eabi/13.2.1/thumb/v7e-m+fp/hard\libgcc.a(_udivmoddi4.o)
                              C:/ProgramData/MATLAB/SupportPackages/R2025b/3P.instrset/gnuarm-armcortex.instrset/win/bin/../lib/gcc/arm-none-eabi/13.2.1/thumb/v7e-m+fp/hard\libgcc.a(_aeabi_uldivmod.o) (__udivmoddi4)
C:/ProgramData/MATLAB/SupportPackages/R2025b/3P.instrset/gnuarm-armcortex.instrset/win/bin/../lib/gcc/arm-none-eabi/13.2.1/thumb/v7e-m+fp/hard\libgcc.a(_dvmd_tls.o)
                              C:/ProgramData/MATLAB/SupportPackages/R2025b/3P.instrset/gnuarm-armcortex.instrset/win/bin/../lib/gcc/arm-none-eabi/13.2.1/thumb/v7e-m+fp/hard\libgcc.a(_aeabi_uldivmod.o) (__aeabi_ldiv0)
C:/ProgramData/MATLAB/SupportPackages/R2025b/3P.instrset/gnuarm-armcortex.instrset/win/bin/../lib/gcc/arm-none-eabi/13.2.1/thumb/v7e-m+fp/hard\libc.a(libc_a-exit.o)
                              C:/ProgramData/MATLAB/SupportPackages/R2025b/3P.instrset/gnuarm-armcortex.instrset/win/bin/../lib/gcc/arm-none-eabi/13.2.1/thumb/v7e-m+fp/hard/crt0.o (exit)
C:/ProgramData/MATLAB/SupportPackages/R2025b/3P.instrset/gnuarm-armcortex.instrset/win/bin/../lib/gcc/arm-none-eabi/13.2.1/thumb/v7e-m+fp/hard\libc.a(libc_a-findfp.o)
                              C:/ProgramData/MATLAB/SupportPackages/R2025b/3P.instrset/gnuarm-armcortex.instrset/win/bin/../lib/gcc/arm-none-eabi/13.2.1/thumb/v7e-m+fp/hard\libc.a(libc_a-exit.o) (__stdio_exit_handler)
C:/ProgramData/MATLAB/SupportPackages/R2025b/3P.instrset/gnuarm-armcortex.instrset/win/bin/../lib/gcc/arm-none-eabi/13.2.1/thumb/v7e-m+fp/hard\libc.a(libc_a-fwalk.o)
                              C:/ProgramData/MATLAB/SupportPackages/R2025b/3P.instrset/gnuarm-armcortex.instrset/win/bin/../lib/gcc/arm-none-eabi/13.2.1/thumb/v7e-m+fp/hard\libc.a(libc_a-findfp.o) (_fwalk_sglue)
C:/ProgramData/MATLAB/SupportPackages/R2025b/3P.instrset/gnuarm-armcortex.instrset/win/bin/../lib/gcc/arm-none-eabi/13.2.1/thumb/v7e-m+fp/hard\libc.a(libc_a-stdio.o)
                              C:/ProgramData/MATLAB/SupportPackages/R2025b/3P.instrset/gnuarm-armcortex.instrset/win/bin/../lib/gcc/arm-none-eabi/13.2.1/thumb/v7e-m+fp/hard\libc.a(libc_a-findfp.o) (__sread)
C:/ProgramData/MATLAB/SupportPackages/R2025b/3P.instrset/gnuarm-armcortex.instrset/win/bin/../lib/gcc/arm-none-eabi/13.2.1/thumb/v7e-m+fp/hard\libc.a(libc_a-memset.o)
                              C:/ProgramData/MATLAB/SupportPackages/R2025b/3P.instrset/gnuarm-armcortex.instrset/win/bin/../lib/gcc/arm-none-eabi/13.2.1/thumb/v7e-m+fp/hard/crt0.o (memset)
C:/ProgramData/MATLAB/SupportPackages/R2025b/3P.instrset/gnuarm-armcortex.instrset/win/bin/../lib/gcc/arm-none-eabi/13.2.1/thumb/v7e-m+fp/hard\libc.a(libc_a-closer.o)
                              C:/ProgramData/MATLAB/SupportPackages/R2025b/3P.instrset/gnuarm-armcortex.instrset/win/bin/../lib/gcc/arm-none-eabi/13.2.1/thumb/v7e-m+fp/hard\libc.a(libc_a-stdio.o) (_close_r)
C:/ProgramData/MATLAB/SupportPackages/R2025b/3P.instrset/gnuarm-armcortex.instrset/win/bin/../lib/gcc/arm-none-eabi/13.2.1/thumb/v7e-m+fp/hard\libc.a(libc_a-reent.o)
                              C:/ProgramData/MATLAB/SupportPackages/R2025b/3P.instrset/gnuarm-armcortex.instrset/win/bin/../lib/gcc/arm-none-eabi/13.2.1/thumb/v7e-m+fp/hard\libc.a(libc_a-closer.o) (errno)
C:/ProgramData/MATLAB/SupportPackages/R2025b/3P.instrset/gnuarm-armcortex.instrset/win/bin/../lib/gcc/arm-none-eabi/13.2.1/thumb/v7e-m+fp/hard\libc.a(libc_a-impure.o)
                              C:/ProgramData/MATLAB/SupportPackages/R2025b/3P.instrset/gnuarm-armcortex.instrset/win/bin/../lib/gcc/arm-none-eabi/13.2.1/thumb/v7e-m+fp/hard\libc.a(libc_a-reent.o) (_impure_ptr)
C:/ProgramData/MATLAB/SupportPackages/R2025b/3P.instrset/gnuarm-armcortex.instrset/win/bin/../lib/gcc/arm-none-eabi/13.2.1/thumb/v7e-m+fp/hard\libc.a(libc_a-lseekr.o)
                              C:/ProgramData/MATLAB/SupportPackages/R2025b/3P.instrset/gnuarm-armcortex.instrset/win/bin/../lib/gcc/arm-none-eabi/13.2.1/thumb/v7e-m+fp/hard\libc.a(libc_a-stdio.o) (_lseek_r)
C:/ProgramData/MATLAB/SupportPackages/R2025b/3P.instrset/gnuarm-armcortex.instrset/win/bin/../lib/gcc/arm-none-eabi/13.2.1/thumb/v7e-m+fp/hard\libc.a(libc_a-readr.o)
[...]
Memory Configuration

Name             Origin             Length             Attributes
RAM              0x20000000         0x00020000         xrw
FLASH            0x08000000         0x00080000         xr
*default*        0x00000000         0xffffffff

Linker script and memory map

LOAD C:/ProgramData/MATLAB/SupportPackages/R2025b/3P.instrset/gnuarm-armcortex.instrset/win/bin/../lib/gcc/arm-none-eabi/13.2.1/thumb/v7e-m+fp/hard/crti.o
LOAD C:/ProgramData/MATLAB/SupportPackages/R2025b/3P.instrset/gnuarm-armcortex.instrset/win/bin/../lib/gcc/arm-none-eabi/13.2.1/thumb/v7e-m+fp/hard/crtbegin.o
LOAD C:/ProgramData/MATLAB/SupportPackages/R2025b/3P.instrset/gnuarm-armcortex.instrset/win/bin/../lib/gcc/arm-none-eabi/13.2.1/thumb/v7e-m+fp/hard/crt0.o
LOAD ert_main.c.o
LOAD example_RTOS.c.o
LOAD overrideHALDelay.c.o
LOAD platform_timer.c.o
LOAD mw_freertos_init.c.o
LOAD mw_thread.c.o
LOAD mw_timer.c.o
LOAD mw_semaphore.c.o
LOAD main.c.o
LOAD freertos.c.o
LOAD stm32f4xx_it.c.o
LOAD stm32f4xx_hal_msp.c.o
LOAD stm32f4xx_hal_timebase_tim.c.o
LOAD stm32f4xx_ll_gpio.c.o
LOAD stm32f4xx_ll_dma.c.o
LOAD stm32f4xx_ll_rcc.c.o
LOAD stm32f4xx_ll_utils.c.o
LOAD stm32f4xx_ll_exti.c.o
LOAD stm32f4xx_hal_rcc.c.o
LOAD stm32f4xx_hal_rcc_ex.c.o
LOAD stm32f4xx_hal_flash.c.o
LOAD stm32f4xx_hal_flash_ex.c.o
LOAD stm32f4xx_hal_flash_ramfunc.c.o
LOAD stm32f4xx_hal_gpio.c.o
LOAD stm32f4xx_hal_dma_ex.c.o
LOAD stm32f4xx_hal_dma.c.o
LOAD stm32f4xx_hal_pwr.c.o
LOAD stm32f4xx_hal_pwr_ex.c.o
LOAD stm32f4xx_hal_cortex.c.o
LOAD stm32f4xx_hal.c.o
LOAD stm32f4xx_hal_exti.c.o
LOAD stm32f4xx_hal_tim.c.o
LOAD stm32f4xx_hal_tim_ex.c.o
LOAD stm32f4xx_ll_usart.c.o
LOAD croutine.c.o
LOAD event_groups.c.o
LOAD list.c.o
LOAD queue.c.o
LOAD stream_buffer.c.o
LOAD tasks.c.o
LOAD timers.c.o
LOAD cmsis_os2.c.o
LOAD heap_4.c.o
LOAD port.c.o
LOAD system_stm32f4xx.c.o
LOAD syscalls.c.o
LOAD sysmem.c.o
LOAD startup_stm32f411retx.s.o
LOAD C:/ProgramData/MATLAB/SupportPackages/R2025b/3P.instrset/cmsis_dsp.instrset/Lib/GCC/arm_cortexm4ldfsp_math/libCMSISDSP.a
LOAD C:/ProgramData/MATLAB/SupportPackages/R2025b/toolbox/shared/supportpackages/stm32/lib/GCC/libmw_pdmfilter_m4_spfp.lib
LOAD C:/ProgramData/MATLAB/SupportPackages/R2025b/3P.instrset/gnuarm-armcortex.instrset/win/bin/../lib/gcc/arm-none-eabi/13.2.1/thumb/v7e-m+fp/hard\libstdc++.a
LOAD C:/ProgramData/MATLAB/SupportPackages/R2025b/3P.instrset/gnuarm-armcortex.instrset/win/bin/../lib/gcc/arm-none-eabi/13.2.1/thumb/v7e-m+fp/hard\libm.a
START GROUP
LOAD C:/ProgramData/MATLAB/SupportPackages/R2025b/3P.instrset/gnuarm-armcortex.instrset/win/bin/../lib/gcc/arm-none-eabi/13.2.1/thumb/v7e-m+fp/hard\libgcc.a
LOAD C:/ProgramData/MATLAB/SupportPackages/R2025b/3P.instrset/gnuarm-armcortex.instrset/win/bin/../lib/gcc/arm-none-eabi/13.2.1/thumb/v7e-m+fp/hard\libc.a
END GROUP
START GROUP
LOAD C:/ProgramData/MATLAB/SupportPackages/R2025b/3P.instrset/gnuarm-armcortex.instrset/win/bin/../lib/gcc/arm-none-eabi/13.2.1/thumb/v7e-m+fp/hard\libgcc.a
LOAD C:/ProgramData/MATLAB/SupportPackages/R2025b/3P.instrset/gnuarm-armcortex.instrset/win/bin/../lib/gcc/arm-none-eabi/13.2.1/thumb/v7e-m+fp/hard\libc.a
LOAD C:/ProgramData/MATLAB/SupportPackages/R2025b/3P.instrset/gnuarm-armcortex.instrset/win/bin/../lib/gcc/arm-none-eabi/13.2.1/thumb/v7e-m+fp/hard\libnosys.a
END GROUP
LOAD C:/ProgramData/MATLAB/SupportPackages/R2025b/3P.instrset/gnuarm-armcortex.instrset/win/bin/../lib/gcc/arm-none-eabi/13.2.1/thumb/v7e-m+fp/hard/crtend.o
LOAD C:/ProgramData/MATLAB/SupportPackages/R2025b/3P.instrset/gnuarm-armcortex.instrset/win/bin/../lib/gcc/arm-none-eabi/13.2.1/thumb/v7e-m+fp/hard/crtn.o
                0x20020000                        _estack = (ORIGIN (RAM) + LENGTH (RAM))
                0x00000200                        _Min_Heap_Size = 0x200
                0x00000400                        _Min_Stack_Size = 0x400

.isr_vector     0x08000000      0x198
                0x08000000                        . = ALIGN (0x4)
 *(.isr_vector)
 .isr_vector    0x08000000      0x198 startup_stm32f411retx.s.o
                0x08000000                g_pfnVectors
                0x08000198                        . = ALIGN (0x4)

.text           0x080001a0     0x633c
                0x080001a0                        . = ALIGN (0x4)
 *(.text)
 .text          0x080001a0       0xa0 C:/ProgramData/MATLAB/SupportPackages/R2025b/3P.instrset/gnuarm-armcortex.instrset/win/bin/../lib/gcc/arm-none-eabi/13.2.1/thumb/v7e-m+fp/hard\libgcc.a(_arm_truncdfsf2.o)
                0x080001a0                __truncdfsf2
                0x080001a0                __aeabi_d2f
 .text          0x08000240       0x30 C:/ProgramData/MATLAB/SupportPackages/R2025b/3P.instrset/gnuarm-armcortex.instrset/win/bin/../lib/gcc/arm-none-eabi/13.2.1/thumb/v7e-m+fp/hard\libgcc.a(_aeabi_uldivmod.o)
                0x08000240                __aeabi_uldivmod
 .text          0x08000270        0x4 C:/ProgramData/MATLAB/SupportPackages/R2025b/3P.instrset/gnuarm-armcortex.instrset/win/bin/../lib/gcc/arm-none-eabi/13.2.1/thumb/v7e-m+fp/hard\libgcc.a(_dvmd_tls.o)
                0x08000270                __aeabi_idiv0
                0x08000270                __aeabi_ldiv0
 .text          0x08000274      0x134 C:/ProgramData/MATLAB/SupportPackages/R2025b/3P.instrset/gnuarm-armcortex.instrset/win/bin/../lib/gcc/arm-none-eabi/13.2.1/thumb/v7e-m+fp/hard\libc.a(libc_a-memcpy.o)
                0x08000274                memcpy
 *(.text*)
 .text.deregister_tm_clones
                0x080003a8       0x1c C:/ProgramData/MATLAB/SupportPackages/R2025b/3P.instrset/gnuarm-armcortex.instrset/win/bin/../lib/gcc/arm-none-eabi/13.2.1/thumb/v7e-m+fp/hard/crtbegin.o
 .text.register_tm_clones
                0x080003c4       0x24 C:/ProgramData/MATLAB/SupportPackages/R2025b/3P.instrset/gnuarm-armcortex.instrset/win/bin/../lib/gcc/arm-none-eabi/13.2.1/thumb/v7e-m+fp/hard/crtbegin.o
 .text.__do_global_dtors_aux
                0x080003e8       0x28 C:/ProgramData/MATLAB/SupportPackages/R2025b/3P.instrset/gnuarm-armcortex.instrset/win/bin/../lib/gcc/arm-none-eabi/13.2.1/thumb/v7e-m+fp/hard/crtbegin.o
 .text.frame_dummy
                0x08000410       0x24 C:/ProgramData/MATLAB/SupportPackages/R2025b/3P.instrset/gnuarm-armcortex.instrset/win/bin/../lib/gcc/arm-none-eabi/13.2.1/thumb/v7e-m+fp/hard/crtbegin.o
 .text.subrateTask
                0x08000434       0x64 ert_main.c.o
                0x08000434                subrateTask
 .text.baseRateTask
                0x08000498       0x84 ert_main.c.o
                0x08000498                baseRateTask
 .text.terminateTask
                0x0800051c      0x100 ert_main.c.o
                0x0800051c                terminateTask
 *fill*         0x0800061c        0x4 
 .text.main     0x08000620       0x64 ert_main.c.o
                0x08000620                main
 .text.LL_GPIO_SetOutputPin
                0x08000684       0x1c example_RTOS.c.o
 .text.LL_GPIO_ResetOutputPin
                0x080006a0       0x1e example_RTOS.c.o
 *fill*         0x080006be        0x2 
 .text.rate_monotonic_scheduler
                0x080006c0       0x2c example_RTOS.c.o
 .text.example_RTOS_step0
                0x080006ec       0x90 example_RTOS.c.o
                0x080006ec                example_RTOS_step0
 .text.example_RTOS_step1
                0x0800077c       0x90 example_RTOS.c.o
                0x0800077c                example_RTOS_step1
 .text.example_RTOS_initialize
                0x0800080c       0x38 example_RTOS.c.o
                0x0800080c                example_RTOS_initialize
 .text.example_RTOS_terminate
                0x08000844       0x30 example_RTOS.c.o
                0x08000844                example_RTOS_terminate
 .text.PeriphCommonClock_Config
                0x08000874       0x10 platform_timer.c.o
                0x08000874                PeriphCommonClock_Config
 .text.schedulerTask
                0x08000884       0x1c mw_freertos_init.c.o
                0x08000884                schedulerTask
 .text.baseRateTaskWrapper
                0x080008a0       0x16 mw_freertos_init.c.o
                0x080008a0                baseRateTaskWrapper
 .text.subrateTaskWrapper
                0x080008b6       0x16 mw_freertos_init.c.o
                0x080008b6                subrateTaskWrapper
 .text.mw_RTOSInit
                0x080008cc      0x278 mw_freertos_init.c.o
                0x080008cc                mw_RTOSInit
 .text.mw_osThreadCreate
                0x08000b44       0x68 mw_thread.c.o
                0x08000b44                mw_osThreadCreate
 .text.mw_osThreadExit
                0x08000bac       0x16 mw_thread.c.o
                0x08000bac                mw_osThreadExit
 .text.mw_osThreadJoin
                0x08000bc2       0x24 mw_thread.c.o
                0x08000bc2                mw_osThreadJoin
 .text.mw_osTimerCreate
                0x08000be6       0x44 mw_timer.c.o
                0x08000be6                mw_osTimerCreate
 .text.mw_osTimerStart
                0x08000c2a       0x48 mw_timer.c.o
                0x08000c2a                mw_osTimerStart
 .text.mw_osSemaphoreCreate
                0x08000c72       0x2e mw_semaphore.c.o
                0x08000c72                mw_osSemaphoreCreate
 .text.mw_osSemaphoreWaitEver
                0x08000ca0       0x3c mw_semaphore.c.o
                0x08000ca0                mw_osSemaphoreWaitEver
 .text.mw_osSemaphoreRelease
                0x08000cdc       0x3c mw_semaphore.c.o
                0x08000cdc                mw_osSemaphoreRelease
 .text.mw_osSemaphoreDelete
                0x08000d18       0x26 mw_semaphore.c.o
                0x08000d18                mw_osSemaphoreDelete
 *fill*         0x08000d3e        0x2 
 .text.__NVIC_GetPriorityGrouping
                0x08000d40       0x1c main.c.o
 .text.__NVIC_EnableIRQ
                0x08000d5c       0x3c main.c.o
 .text.__NVIC_SetPriority
                0x08000d98       0x54 main.c.o
 .text.NVIC_EncodePriority
                0x08000dec       0x66 main.c.o
 *fill*         0x08000e52        0x2 
 .text.LL_DMA_SetDataTransferDirection
                0x08000e54       0x48 main.c.o
 .text.LL_DMA_SetMode
                0x08000e9c       0x48 main.c.o
 .text.LL_DMA_SetPeriphIncMode
                0x08000ee4       0x48 main.c.o
 .text.LL_DMA_SetMemoryIncMode
                0x08000f2c       0x48 main.c.o
 .text.LL_DMA_SetPeriphSize
                0x08000f74       0x48 main.c.o
 .text.LL_DMA_SetMemorySize
                0x08000fbc       0x48 main.c.o
 .text.LL_DMA_SetStreamPriorityLevel
                0x08001004       0x48 main.c.o
 .text.LL_DMA_SetChannelSelection
                0x0800104c       0x48 main.c.o
 .text.LL_DMA_DisableFifoMode
                0x08001094       0x40 main.c.o
 .text.LL_RCC_HSI_Enable
                0x080010d4       0x20 main.c.o
 .text.LL_RCC_HSI_IsReady
                0x080010f4       0x24 main.c.o
 .text.LL_RCC_HSI_SetCalibTrimming
                0x08001118       0x2c main.c.o
 .text.LL_RCC_SetSysClkSource
                0x08001144       0x28 main.c.o
 .text.LL_RCC_GetSysClkSource
                0x0800116c       0x1c main.c.o
 .text.LL_RCC_SetAHBPrescaler
                0x08001188       0x28 main.c.o
 .text.LL_RCC_SetAPB1Prescaler
                0x080011b0       0x28 main.c.o
 .text.LL_RCC_SetAPB2Prescaler
                0x080011d8       0x28 main.c.o
 .text.LL_RCC_SetTIMPrescaler
                0x08001200       0x2c main.c.o
 .text.LL_RCC_PLL_Enable
                0x0800122c       0x20 main.c.o
 .text.LL_RCC_PLL_IsReady
                0x0800124c       0x28 main.c.o
 .text.LL_RCC_PLL_ConfigDomain_SYS
                0x08001274       0x4c main.c.o
 .text.LL_AHB1_GRP1_EnableClock
                0x080012c0       0x30 main.c.o
 .text.LL_APB1_GRP1_EnableClock
                0x080012f0       0x30 main.c.o
 .text.LL_SYSCFG_SetEXTISource
                0x08001320       0x6c main.c.o
 .text.LL_FLASH_SetLatency
                0x0800138c       0x28 main.c.o
 .text.LL_FLASH_GetLatency
                0x080013b4       0x1c main.c.o
 .text.LL_PWR_SetRegulVoltageScaling
                0x080013d0       0x28 main.c.o
 .text.LL_PWR_IsActiveFlag_VOS
                0x080013f8       0x28 main.c.o
 .text.LL_USART_Enable
                0x08001420       0x20 main.c.o
 .text.LL_USART_ConfigAsyncMode
                0x08001440       0x2c main.c.o
 .text.LL_GPIO_SetPinMode
                0x0800146c       0x7a main.c.o
 .text.LL_GPIO_SetPinPull
                0x080014e6       0x7a main.c.o
 .text.LL_GPIO_ResetOutputPin
                0x08001560       0x1e main.c.o
 *fill*         0x0800157e        0x2 
 .text.SystemClock_Config
                0x08001580       0xac main.c.o
                0x08001580                SystemClock_Config
 .text.MX_USART2_UART_Init
                0x0800162c      0x100 main.c.o
                0x0800162c                MX_USART2_UART_Init
 .text.MX_DMA_Init
                0x0800172c       0x30 main.c.o
                0x0800172c                MX_DMA_Init
 .text.MX_GPIO_Init
                0x0800175c       0xb4 main.c.o
                0x0800175c                MX_GPIO_Init
 .text.HAL_TIM_PeriodElapsedCallback
                0x08001810       0x24 main.c.o
                0x08001810                HAL_TIM_PeriodElapsedCallback
 .text.Error_Handler
                0x08001834        0xc main.c.o
                0x08001834                Error_Handler
 .text.NMI_Handler
                0x08001840        0x8 stm32f4xx_it.c.o
                0x08001840                NMI_Handler
 .text.HardFault_Handler
                0x08001848        0x8 stm32f4xx_it.c.o
                0x08001848                HardFault_Handler
 .text.MemManage_Handler
                0x08001850        0x8 stm32f4xx_it.c.o
                0x08001850                MemManage_Handler
 .text.BusFault_Handler
                0x08001858        0x8 stm32f4xx_it.c.o
                0x08001858                BusFault_Handler
 .text.UsageFault_Handler
                0x08001860        0x8 stm32f4xx_it.c.o
                0x08001860                UsageFault_Handler
 .text.DebugMon_Handler
                0x08001868        0xe stm32f4xx_it.c.o
                0x08001868                DebugMon_Handler
 .text.DMA1_Stream5_IRQHandler
                0x08001876        0xe stm32f4xx_it.c.o
                0x08001876                DMA1_Stream5_IRQHandler
 .text.TIM5_IRQHandler
                0x08001884       0x14 stm32f4xx_it.c.o
                0x08001884                TIM5_IRQHandler
 .text.HAL_MspInit
                0x08001898       0x58 stm32f4xx_hal_msp.c.o
                0x08001898                HAL_MspInit
 .text.HAL_InitTick
                0x080018f0       0xf8 stm32f4xx_hal_timebase_tim.c.o
                0x080018f0                HAL_InitTick
 .text.LL_GPIO_SetPinMode
                0x080019e8       0x7a stm32f4xx_ll_gpio.c.o
 .text.LL_GPIO_SetPinOutputType
                0x08001a62       0x30 stm32f4xx_ll_gpio.c.o
 .text.LL_GPIO_SetPinSpeed
                0x08001a92       0x7a stm32f4xx_ll_gpio.c.o
 .text.LL_GPIO_SetPinPull
                0x08001b0c       0x7a stm32f4xx_ll_gpio.c.o
 .text.LL_GPIO_SetAFPin_0_7
                0x08001b86       0x7a stm32f4xx_ll_gpio.c.o
 .text.LL_GPIO_SetAFPin_8_15
                0x08001c00       0x7e stm32f4xx_ll_gpio.c.o
 .text.LL_GPIO_Init
                0x08001c7e      0x102 stm32f4xx_ll_gpio.c.o
                0x08001c7e                LL_GPIO_Init
 .text.LL_RCC_GetSysClkSource
                0x08001d80       0x1c stm32f4xx_ll_rcc.c.o
 .text.LL_RCC_GetAHBPrescaler
                0x08001d9c       0x1c stm32f4xx_ll_rcc.c.o
 .text.LL_RCC_GetAPB1Prescaler
                0x08001db8       0x1c stm32f4xx_ll_rcc.c.o
 .text.LL_RCC_GetAPB2Prescaler
                0x08001dd4       0x1c stm32f4xx_ll_rcc.c.o
 .text.LL_RCC_PLL_GetMainSource
                0x08001df0       0x1c stm32f4xx_ll_rcc.c.o
 .text.LL_RCC_PLL_GetN
                0x08001e0c       0x1c stm32f4xx_ll_rcc.c.o
 .text.LL_RCC_PLL_GetP
                0x08001e28       0x1c stm32f4xx_ll_rcc.c.o
 .text.LL_RCC_PLL_GetDivider
                0x08001e44       0x1c stm32f4xx_ll_rcc.c.o
 .text.LL_RCC_GetSystemClocksFreq
                0x08001e60       0x4a stm32f4xx_ll_rcc.c.o
                0x08001e60                LL_RCC_GetSystemClocksFreq
 *fill*         0x08001eaa        0x2 
 .text.RCC_GetSystemClockFreq
                0x08001eac       0x50 stm32f4xx_ll_rcc.c.o
                0x08001eac                RCC_GetSystemClockFreq
 .text.RCC_GetHCLKClockFreq
                0x08001efc       0x2c stm32f4xx_ll_rcc.c.o
                0x08001efc                RCC_GetHCLKClockFreq
 .text.RCC_GetPCLK1ClockFreq
                0x08001f28       0x28 stm32f4xx_ll_rcc.c.o
                0x08001f28                RCC_GetPCLK1ClockFreq
 .text.RCC_GetPCLK2ClockFreq
                0x08001f50       0x28 stm32f4xx_ll_rcc.c.o
                0x08001f50                RCC_GetPCLK2ClockFreq
 .text.RCC_PLL_GetFreqDomain_SYS
                0x08001f78       0x7c stm32f4xx_ll_rcc.c.o
                0x08001f78                RCC_PLL_GetFreqDomain_SYS
 .text.LL_SetSystemCoreClock
                0x08001ff4       0x20 stm32f4xx_ll_utils.c.o
                0x08001ff4                LL_SetSystemCoreClock
 .text.LL_EXTI_EnableIT_0_31
                0x08002014       0x24 stm32f4xx_ll_exti.c.o
 .text.LL_EXTI_DisableIT_0_31
                0x08002038       0x28 stm32f4xx_ll_exti.c.o
 .text.LL_EXTI_EnableEvent_0_31
                0x08002060       0x24 stm32f4xx_ll_exti.c.o
 .text.LL_EXTI_DisableEvent_0_31
                0x08002084       0x28 stm32f4xx_ll_exti.c.o
 .text.LL_EXTI_EnableRisingTrig_0_31
                0x080020ac       0x24 stm32f4xx_ll_exti.c.o
 .text.LL_EXTI_DisableRisingTrig_0_31
                0x080020d0       0x28 stm32f4xx_ll_exti.c.o
 .text.LL_EXTI_EnableFallingTrig_0_31
                0x080020f8       0x24 stm32f4xx_ll_exti.c.o
 .text.LL_EXTI_DisableFallingTrig_0_31
                0x0800211c       0x28 stm32f4xx_ll_exti.c.o
 .text.LL_EXTI_Init
                0x08002144       0xfe stm32f4xx_ll_exti.c.o
                0x08002144                LL_EXTI_Init
 *fill*         0x08002242        0x2 
 .text.HAL_RCC_GetHCLKFreq
                0x08002244       0x18 stm32f4xx_hal_rcc.c.o
                0x08002244                HAL_RCC_GetHCLKFreq
 .text.HAL_RCC_GetPCLK1Freq
                0x0800225c       0x28 stm32f4xx_hal_rcc.c.o
                0x0800225c                HAL_RCC_GetPCLK1Freq
 .text.HAL_RCC_GetClockConfig
                0x08002284       0x64 stm32f4xx_hal_rcc.c.o
                0x08002284                HAL_RCC_GetClockConfig
 .text.__NVIC_SetPriorityGrouping
                0x080022e8       0x48 stm32f4xx_hal_cortex.c.o
 .text.__NVIC_GetPriorityGrouping
                0x08002330       0x1c stm32f4xx_hal_cortex.c.o
 .text.__NVIC_EnableIRQ
                0x0800234c       0x3c stm32f4xx_hal_cortex.c.o
 .text.__NVIC_SetPriority
                0x08002388       0x54 stm32f4xx_hal_cortex.c.o
 .text.NVIC_EncodePriority
                0x080023dc       0x66 stm32f4xx_hal_cortex.c.o
 .text.HAL_NVIC_SetPriorityGrouping
                0x08002442       0x16 stm32f4xx_hal_cortex.c.o
                0x08002442                HAL_NVIC_SetPriorityGrouping
 .text.HAL_NVIC_SetPriority
                0x08002458       0x38 stm32f4xx_hal_cortex.c.o
                0x08002458                HAL_NVIC_SetPriority
 .text.HAL_NVIC_EnableIRQ
                0x08002490       0x1c stm32f4xx_hal_cortex.c.o
                0x08002490                HAL_NVIC_EnableIRQ
 .text.HAL_Init
                0x080024ac       0x44 stm32f4xx_hal.c.o
                0x080024ac                HAL_Init
 .text.HAL_IncTick
                0x080024f0       0x28 stm32f4xx_hal.c.o
                0x080024f0                HAL_IncTick
 .text.HAL_TIM_Base_Init
                0x08002518       0x9e stm32f4xx_hal_tim.c.o
                0x08002518                HAL_TIM_Base_Init
 .text.HAL_TIM_Base_MspInit
                0x080025b6       0x14 stm32f4xx_hal_tim.c.o
                0x080025b6                HAL_TIM_Base_MspInit
 *fill*         0x080025ca        0x2 
 .text.HAL_TIM_Base_Start_IT
                0x080025cc       0xc4 stm32f4xx_hal_tim.c.o
                0x080025cc                HAL_TIM_Base_Start_IT
 .text.HAL_TIM_IRQHandler
                0x08002690      0x1e0 stm32f4xx_hal_tim.c.o
                0x08002690                HAL_TIM_IRQHandler
 .text.HAL_TIM_OC_DelayElapsedCallback
                0x08002870       0x14 stm32f4xx_hal_tim.c.o
                0x08002870                HAL_TIM_OC_DelayElapsedCallback
 .text.HAL_TIM_IC_CaptureCallback
                0x08002884       0x14 stm32f4xx_hal_tim.c.o
                0x08002884                HAL_TIM_IC_CaptureCallback
 .text.HAL_TIM_PWM_PulseFinishedCallback
                0x08002898       0x14 stm32f4xx_hal_tim.c.o
                0x08002898                HAL_TIM_PWM_PulseFinishedCallback
 .text.HAL_TIM_TriggerCallback
                0x080028ac       0x14 stm32f4xx_hal_tim.c.o
                0x080028ac                HAL_TIM_TriggerCallback
 .text.TIM_Base_SetConfig
                0x080028c0      0x118 stm32f4xx_hal_tim.c.o
                0x080028c0                TIM_Base_SetConfig
 .text.HAL_TIMEx_CommutCallback
                0x080029d8       0x14 stm32f4xx_hal_tim_ex.c.o
                0x080029d8                HAL_TIMEx_CommutCallback
 .text.HAL_TIMEx_BreakCallback
                0x080029ec       0x14 stm32f4xx_hal_tim_ex.c.o
                0x080029ec                HAL_TIMEx_BreakCallback
 .text.LL_USART_IsEnabled
                0x08002a00       0x28 stm32f4xx_ll_usart.c.o
 .text.LL_USART_SetStopBitsLength
                0x08002a28       0x26 stm32f4xx_ll_usart.c.o
 .text.LL_USART_SetHWFlowCtrl
                0x08002a4e       0x26 stm32f4xx_ll_usart.c.o
 .text.LL_USART_SetBaudRate
                0x08002a74      0x45c stm32f4xx_ll_usart.c.o
 .text.LL_USART_Init
                0x08002ed0       0xc8 stm32f4xx_ll_usart.c.o
                0x08002ed0                LL_USART_Init
 .text.vListInitialise
                0x08002f98       0x40 list.c.o
                0x08002f98                vListInitialise
 .text.vListInitialiseItem
                0x08002fd8       0x1a list.c.o
                0x08002fd8                vListInitialiseItem
 .text.vListInsertEnd
                0x08002ff2       0x48 list.c.o
                0x08002ff2                vListInsertEnd
 .text.vListInsert
                0x0800303a       0x72 list.c.o
                0x0800303a                vListInsert
 .text.uxListRemove
                0x080030ac       0x54 list.c.o
                0x080030ac                uxListRemove
 .text.xQueueGenericReset
                0x08003100       0xd4 queue.c.o
                0x08003100                xQueueGenericReset
 .text.xQueueGenericCreateStatic
                0x080031d4       0xfa queue.c.o
                0x080031d4                xQueueGenericCreateStatic
 .text.xQueueGenericCreate
                0x080032ce       0x76 queue.c.o
                0x080032ce                xQueueGenericCreate
 .text.prvInitialiseNewQueue
                0x08003344       0x46 queue.c.o
 .text.xQueueCreateCountingSemaphore
                0x0800338a       0x6a queue.c.o
                0x0800338a                xQueueCreateCountingSemaphore
 .text.xQueueGenericSend
                0x080033f4      0x204 queue.c.o
                0x080033f4                xQueueGenericSend
 .text.xQueueGenericSendFromISR
                0x080035f8      0x13c queue.c.o
                0x080035f8                xQueueGenericSendFromISR
 .text.xQueueReceive
                0x08003734      0x1c4 queue.c.o
                0x08003734                xQueueReceive
 .text.xQueueSemaphoreTake
                0x080038f8      0x220 queue.c.o
                0x080038f8                xQueueSemaphoreTake
 .text.vQueueDelete
                0x08003b18       0x48 queue.c.o
                0x08003b18                vQueueDelete
 .text.prvGetDisinheritPriorityAfterTimeout
                0x08003b60       0x30 queue.c.o
 .text.prvCopyDataToQueue
                0x08003b90       0xd4 queue.c.o
 .text.prvCopyDataFromQueue
                0x08003c64       0x4c queue.c.o
 .text.prvUnlockQueue
                0x08003cb0       0xa4 queue.c.o
 .text.prvIsQueueEmpty
                0x08003d54       0x2c queue.c.o
 .text.prvIsQueueFull
                0x08003d80       0x30 queue.c.o
 .text.vQueueAddToRegistry
                0x08003db0       0x54 queue.c.o
                0x08003db0                vQueueAddToRegistry
 .text.vQueueUnregisterQueue
                0x08003e04       0x54 queue.c.o
                0x08003e04                vQueueUnregisterQueue
 .text.vQueueWaitForMessageRestricted
                0x08003e58       0x68 queue.c.o
                0x08003e58                vQueueWaitForMessageRestricted
 .text.xTaskCreateStatic
                0x08003ec0       0xc0 tasks.c.o
                0x08003ec0                xTaskCreateStatic
 .text.xTaskCreate
                0x08003f80       0x8a tasks.c.o
                0x08003f80                xTaskCreate
 .text.prvInitialiseNewTask
                0x0800400a      0x120 tasks.c.o
 *fill*         0x0800412a        0x2 
 .text.prvAddNewTaskToReadyList
                0x0800412c       0xe0 tasks.c.o
 .text.vTaskDelete
                0x0800420c       0xe8 tasks.c.o
                0x0800420c                vTaskDelete
 .text.vTaskStartScheduler
                0x080042f4       0xd0 tasks.c.o
                0x080042f4                vTaskStartScheduler
 .text.vTaskSuspendAll
                0x080043c4       0x1c tasks.c.o
                0x080043c4                vTaskSuspendAll
 .text.xTaskResumeAll
                0x080043e0      0x13c tasks.c.o
                0x080043e0                xTaskResumeAll
 .text.xTaskGetTickCount
                0x0800451c       0x20 tasks.c.o
                0x0800451c                xTaskGetTickCount
 .text.xTaskIncrementTick
                0x0800453c      0x174 tasks.c.o
                0x0800453c                xTaskIncrementTick
 .text.vTaskSwitchContext
                0x080046b0       0xbc tasks.c.o
                0x080046b0                vTaskSwitchContext
 .text.vTaskPlaceOnEventList
                0x0800476c       0x4c tasks.c.o
                0x0800476c                vTaskPlaceOnEventList
 .text.vTaskPlaceOnEventListRestricted
                0x080047b8       0x58 tasks.c.o
                0x080047b8                vTaskPlaceOnEventListRestricted
 .text.xTaskRemoveFromEventList
                0x08004810       0xc8 tasks.c.o
                0x08004810                xTaskRemoveFromEventList
 .text.vTaskInternalSetTimeOutState
                0x080048d8       0x2c tasks.c.o
                0x080048d8                vTaskInternalSetTimeOutState
 .text.xTaskCheckForTimeOut
                0x08004904       0xc8 tasks.c.o
                0x08004904                xTaskCheckForTimeOut
 .text.vTaskMissedYield
                0x080049cc       0x18 tasks.c.o
                0x080049cc                vTaskMissedYield
 .text.prvIdleTask
                0x080049e4       0x30 tasks.c.o
 .text.prvInitialiseTaskLists
                0x08004a14       0x80 tasks.c.o
 .text.prvCheckTasksWaitingTermination
                0x08004a94       0x5c tasks.c.o
 .text.prvDeleteTCB
                0x08004af0       0x60 tasks.c.o
 .text.prvResetNextTaskUnblockTime
                0x08004b50       0x40 tasks.c.o
 .text.xTaskGetSchedulerState
                0x08004b90       0x3c tasks.c.o
                0x08004b90                xTaskGetSchedulerState
 .text.xTaskPriorityInherit
                0x08004bcc       0xd0 tasks.c.o
                0x08004bcc                xTaskPriorityInherit
 .text.xTaskPriorityDisinherit
                0x08004c9c       0xe0 tasks.c.o
                0x08004c9c                xTaskPriorityDisinherit
 .text.vTaskPriorityDisinheritAfterTimeout
                0x08004d7c      0x108 tasks.c.o
                0x08004d7c                vTaskPriorityDisinheritAfterTimeout
 .text.pvTaskIncrementMutexHeldCount
                0x08004e84       0x28 tasks.c.o
                0x08004e84                pvTaskIncrementMutexHeldCount
 .text.prvAddCurrentTaskToDelayedList
                0x08004eac       0xa8 tasks.c.o
 .text.xTimerCreateTimerTask
                0x08004f54       0x94 timers.c.o
                0x08004f54                xTimerCreateTimerTask
 .text.xTimerCreate
                0x08004fe8       0x42 timers.c.o
                0x08004fe8                xTimerCreate
 .text.prvInitialiseNewTimer
                0x0800502a       0x78 timers.c.o
 *fill*         0x080050a2        0x2 
 .text.xTimerGenericCommand
                0x080050a4       0x9c timers.c.o
                0x080050a4                xTimerGenericCommand
 .text.prvProcessExpiredTimer
                0x08005140       0x9c timers.c.o
 .text.prvTimerTask
                0x080051dc       0x26 timers.c.o
 *fill*         0x08005202        0x2 
 .text.prvProcessTimerOrBlockTask
                0x08005204       0x9c timers.c.o
 .text.prvGetNextExpireTime
                0x080052a0       0x48 timers.c.o
 .text.prvSampleTimeNow
                0x080052e8       0x40 timers.c.o
 .text.prvInsertTimerInActiveList
                0x08005328       0x84 timers.c.o
 .text.prvProcessReceivedCommands
                0x080053ac      0x1cc timers.c.o
 .text.prvSwitchTimerLists
                0x08005578       0xcc timers.c.o
 .text.prvCheckForValidListAndQueue
                0x08005644       0x80 timers.c.o
 .text.SysTick_Handler
                0x080056c4       0x20 cmsis_os2.c.o
                0x080056c4                SysTick_Handler
 .text.vApplicationGetIdleTaskMemory
                0x080056e4       0x34 cmsis_os2.c.o
                0x080056e4                vApplicationGetIdleTaskMemory
 .text.vApplicationGetTimerTaskMemory
                0x08005718       0x34 cmsis_os2.c.o
                0x08005718                vApplicationGetTimerTaskMemory
 .text.pvPortMalloc
                0x0800574c      0x19c heap_4.c.o
                0x0800574c                pvPortMalloc
 .text.vPortFree
                0x080058e8       0xc8 heap_4.c.o
                0x080058e8                vPortFree
 .text.prvHeapInit
                0x080059b0       0xc4 heap_4.c.o
 .text.prvInsertBlockIntoFreeList
                0x08005a74       0xb4 heap_4.c.o
 .text.pxPortInitialiseStack
                0x08005b28       0x68 port.c.o
                0x08005b28                pxPortInitialiseStack
 .text.prvTaskExitError
                0x08005b90       0x5c port.c.o
 *fill*         0x08005bec        0x4 
 .text.SVC_Handler
                0x08005bf0       0x28 port.c.o
                0x08005bf0                SVC_Handler
 .text.prvPortStartFirstTask
                0x08005c18       0x28 port.c.o
 .text.xPortStartScheduler
                0x08005c40      0x148 port.c.o
                0x08005c40                xPortStartScheduler
 .text.vPortEnterCritical
                0x08005d88       0x64 port.c.o
                0x08005d88                vPortEnterCritical
 .text.vPortExitCritical
                0x08005dec       0x54 port.c.o
                0x08005dec                vPortExitCritical
 .text.PendSV_Handler
                0x08005e40       0x68 port.c.o
                0x08005e40                PendSV_Handler
 .text.xPortSysTickHandler
                0x08005ea8       0x44 port.c.o
                0x08005ea8                xPortSysTickHandler
 .text.vPortSetupTimerInterrupt
                0x08005eec       0x48 port.c.o
                0x08005eec                vPortSetupTimerInterrupt
 .text.vPortEnableVFP
                0x08005f34       0x14 port.c.o
 .text.vPortValidateInterruptPriority
                0x08005f48       0x84 port.c.o
                0x08005f48                vPortValidateInterruptPriority
 .text.SystemInit
                0x08005fcc       0x24 system_stm32f4xx.c.o
                0x08005fcc                SystemInit
 .text.Reset_Handler
                0x08005ff0       0x50 startup_stm32f411retx.s.o
                0x08005ff0                Reset_Handler
 .text.Default_Handler
                0x08006040        0x2 startup_stm32f411retx.s.o
                0x08006040                RTC_Alarm_IRQHandler
                0x08006040                EXTI2_IRQHandler
                0x08006040                SPI4_IRQHandler
                0x08006040                TIM1_CC_IRQHandler
                0x08006040                DMA2_Stream5_IRQHandler
                0x08006040                PVD_IRQHandler
                0x08006040                SDIO_IRQHandler
                0x08006040                TAMP_STAMP_IRQHandler
                0x08006040                EXTI3_IRQHandler
                0x08006040                TIM1_UP_TIM10_IRQHandler
                0x08006040                I2C3_ER_IRQHandler
                0x08006040                EXTI0_IRQHandler
                0x08006040                I2C2_EV_IRQHandler
                0x08006040                DMA1_Stream2_IRQHandler
                0x08006040                FPU_IRQHandler
                0x08006040                DMA2_Stream2_IRQHandler
                0x08006040                SPI1_IRQHandler
                0x08006040                TIM1_BRK_TIM9_IRQHandler
                0x08006040                DMA2_Stream3_IRQHandler
                0x08006040                USART6_IRQHandler
                0x08006040                DMA2_Stream0_IRQHandler
                0x08006040                TIM4_IRQHandler
                0x08006040                I2C1_EV_IRQHandler
                0x08006040                DMA1_Stream6_IRQHandler
                0x08006040                DMA1_Stream1_IRQHandler
                0x08006040                TIM3_IRQHandler
                0x08006040                RCC_IRQHandler
                0x08006040                Default_Handler
                0x08006040                EXTI15_10_IRQHandler
                0x08006040                ADC_IRQHandler
                0x08006040                DMA1_Stream7_IRQHandler
                0x08006040                SPI5_IRQHandler
                0x08006040                DMA2_Stream7_IRQHandler
                0x08006040                I2C3_EV_IRQHandler
                0x08006040                EXTI9_5_IRQHandler
                0x08006040                RTC_WKUP_IRQHandler
                0x08006040                SPI2_IRQHandler
                0x08006040                DMA1_Stream0_IRQHandler
                0x08006040                EXTI4_IRQHandler
                0x08006040                WWDG_IRQHandler
                0x08006040                TIM2_IRQHandler
                0x08006040                OTG_FS_WKUP_IRQHandler
                0x08006040                TIM1_TRG_COM_TIM11_IRQHandler
                0x08006040                EXTI1_IRQHandler
                0x08006040                USART2_IRQHandler
                0x08006040                I2C2_ER_IRQHandler
                0x08006040                DMA2_Stream1_IRQHandler
                0x08006040                FLASH_IRQHandler
                0x08006040                DMA2_Stream4_IRQHandler
                0x08006040                USART1_IRQHandler
                0x08006040                OTG_FS_IRQHandler
                0x08006040                SPI3_IRQHandler
                0x08006040                DMA1_Stream4_IRQHandler
                0x08006040                I2C1_ER_IRQHandler
                0x08006040                DMA2_Stream6_IRQHandler
                0x08006040                DMA1_Stream3_IRQHandler
 *fill*         0x08006042        0x2 
 .text.__udivmoddi4
                0x08006044      0x2bc C:/ProgramData/MATLAB/SupportPackages/R2025b/3P.instrset/gnuarm-armcortex.instrset/win/bin/../lib/gcc/arm-none-eabi/13.2.1/thumb/v7e-m+fp/hard\libgcc.a(_udivmoddi4.o)
                0x08006044                __udivmoddi4
 .text.memset   0x08006300       0xa4 C:/ProgramData/MATLAB/SupportPackages/R2025b/3P.instrset/gnuarm-armcortex.instrset/win/bin/../lib/gcc/arm-none-eabi/13.2.1/thumb/v7e-m+fp/hard\libc.a(libc_a-memset.o)
                0x08006300                memset
 .text.__libc_init_array
                0x080063a4       0x50 C:/ProgramData/MATLAB/SupportPackages/R2025b/3P.instrset/gnuarm-armcortex.instrset/win/bin/../lib/gcc/arm-none-eabi/13.2.1/thumb/v7e-m+fp/hard\libc.a(libc_a-init.o)
                0x080063a4                __libc_init_array
 .text.__retarget_lock_acquire_recursive
                0x080063f4        0x4 C:/ProgramData/MATLAB/SupportPackages/R2025b/3P.instrset/gnuarm-armcortex.instrset/win/bin/../lib/gcc/arm-none-eabi/13.2.1/thumb/v7e-m+fp/hard\libc.a(libc_a-lock.o)
                0x080063f4                __retarget_lock_acquire_recursive
 .text.__retarget_lock_release_recursive
                0x080063f8        0x4 C:/ProgramData/MATLAB/SupportPackages/R2025b/3P.instrset/gnuarm-armcortex.instrset/win/bin/../lib/gcc/arm-none-eabi/13.2.1/thumb/v7e-m+fp/hard\libc.a(libc_a-lock.o)
                0x080063f8                __retarget_lock_release_recursive
 .text.startup.register_fini
                0x080063fc       0x14 C:/ProgramData/MATLAB/SupportPackages/R2025b/3P.instrset/gnuarm-armcortex.instrset/win/bin/../lib/gcc/arm-none-eabi/13.2.1/thumb/v7e-m+fp/hard\libc.a(libc_a-__call_atexit.o)
 .text.atexit   0x08006410        0xc C:/ProgramData/MATLAB/SupportPackages/R2025b/3P.instrset/gnuarm-armcortex.instrset/win/bin/../lib/gcc/arm-none-eabi/13.2.1/thumb/v7e-m+fp/hard\libc.a(libc_a-atexit.o)
                0x08006410                atexit
 .text.__libc_fini_array
                0x0800641c       0x28 C:/ProgramData/MATLAB/SupportPackages/R2025b/3P.instrset/gnuarm-armcortex.instrset/win/bin/../lib/gcc/arm-none-eabi/13.2.1/thumb/v7e-m+fp/hard\libc.a(libc_a-fini.o)
                0x0800641c                __libc_fini_array
 .text.__register_exitproc
                0x08006444       0x80 C:/ProgramData/MATLAB/SupportPackages/R2025b/3P.instrset/gnuarm-armcortex.instrset/win/bin/../lib/gcc/arm-none-eabi/13.2.1/thumb/v7e-m+fp/hard\libc.a(libc_a-__atexit.o)
                0x08006444                __register_exitproc
 *(.glue_7)
 .glue_7        0x080064c4        0x0 linker stubs
 *(.glue_7t)
 .glue_7t       0x080064c4        0x0 linker stubs
 *(.eh_frame)
 .eh_frame      0x080064c4        0x0 C:/ProgramData/MATLAB/SupportPackages/R2025b/3P.instrset/gnuarm-armcortex.instrset/win/bin/../lib/gcc/arm-none-eabi/13.2.1/thumb/v7e-m+fp/hard/crtbegin.o
 *(.init)
 .init          0x080064c4        0x4 C:/ProgramData/MATLAB/SupportPackages/R2025b/3P.instrset/gnuarm-armcortex.instrset/win/bin/../lib/gcc/arm-none-eabi/13.2.1/thumb/v7e-m+fp/hard/crti.o
                0x080064c4                _init
 .init          0x080064c8        0x8 C:/ProgramData/MATLAB/SupportPackages/R2025b/3P.instrset/gnuarm-armcortex.instrset/win/bin/../lib/gcc/arm-none-eabi/13.2.1/thumb/v7e-m+fp/hard/crtn.o
 *(.fini)
 .fini          0x080064d0        0x4 C:/ProgramData/MATLAB/SupportPackages/R2025b/3P.instrset/gnuarm-armcortex.instrset/win/bin/../lib/gcc/arm-none-eabi/13.2.1/thumb/v7e-m+fp/hard/crti.o
                0x080064d0                _fini
 .fini          0x080064d4        0x8 C:/ProgramData/MATLAB/SupportPackages/R2025b/3P.instrset/gnuarm-armcortex.instrset/win/bin/../lib/gcc/arm-none-eabi/13.2.1/thumb/v7e-m+fp/hard/crtn.o
                0x080064dc                        . = ALIGN (0x4)
                0x080064dc                        _etext = .

.vfp11_veneer   0x080064dc        0x0
 .vfp11_veneer  0x080064dc        0x0 linker stubs

.v4_bx          0x080064dc        0x0
 .v4_bx         0x080064dc        0x0 linker stubs

.iplt           0x080064dc        0x0
 .iplt          0x080064dc        0x0 C:/ProgramData/MATLAB/SupportPackages/R2025b/3P.instrset/gnuarm-armcortex.instrset/win/bin/../lib/gcc/arm-none-eabi/13.2.1/thumb/v7e-m+fp/hard/crtbegin.o

.rodata         0x080064dc       0x50
                0x080064dc                        . = ALIGN (0x4)
 *(.rodata)
 .rodata        0x080064dc       0x13 mw_freertos_init.c.o
 *fill*         0x080064ef        0x1 
 .rodata        0x080064f0        0x5 tasks.c.o
 *fill*         0x080064f5        0x3 
 .rodata        0x080064f8        0xd timers.c.o
 *(.rodata*)
 *fill*         0x08006505        0x3 
 .rodata.example_RTOS_M
                0x08006508        0x4 example_RTOS.c.o
                0x08006508                example_RTOS_M
 .rodata.STREAM_OFFSET_TAB
                0x0800650c        0x8 main.c.o
 .rodata.AHBPrescTable
                0x08006514       0x10 system_stm32f4xx.c.o
                0x08006514                AHBPrescTable
 .rodata.APBPrescTable
                0x08006524        0x8 system_stm32f4xx.c.o
                0x08006524                APBPrescTable
                0x0800652c                        . = ALIGN (0x4)

.ARM.extab      0x0800652c        0x0
                0x0800652c                        . = ALIGN (0x4)
 *(.ARM.extab* .gnu.linkonce.armextab.*)
                0x0800652c                        . = ALIGN (0x4)

.ARM            0x0800652c        0x8
                0x0800652c                        . = ALIGN (0x4)
                0x0800652c                        __exidx_start = .
 *(.ARM.exidx*)
 .ARM.exidx     0x0800652c        0x8 C:/ProgramData/MATLAB/SupportPackages/R2025b/3P.instrset/gnuarm-armcortex.instrset/win/bin/../lib/gcc/arm-none-eabi/13.2.1/thumb/v7e-m+fp/hard\libc.a(libc_a-memcpy.o)
 .ARM.exidx.text.__udivmoddi4
                0x08006534        0x0 C:/ProgramData/MATLAB/SupportPackages/R2025b/3P.instrset/gnuarm-armcortex.instrset/win/bin/../lib/gcc/arm-none-eabi/13.2.1/thumb/v7e-m+fp/hard\libgcc.a(_udivmoddi4.o)
                                  0x8 (size before relaxing)
                0x08006534                        __exidx_end = .
                0x08006534                        . = ALIGN (0x4)

.preinit_array  0x08006534        0x0
                0x08006534                        . = ALIGN (0x4)
                0x08006534                        PROVIDE (__preinit_array_start = .)
 *(.preinit_array*)
                0x08006534                        PROVIDE (__preinit_array_end = .)
                0x08006534                        . = ALIGN (0x4)

.init_array     0x08006534        0x8
                0x08006534                        . = ALIGN (0x4)
                0x08006534                        PROVIDE (__init_array_start = .)
 *(SORT_BY_NAME(.init_array.*))
 .init_array.00000
                0x08006534        0x4 C:/ProgramData/MATLAB/SupportPackages/R2025b/3P.instrset/gnuarm-armcortex.instrset/win/bin/../lib/gcc/arm-none-eabi/13.2.1/thumb/v7e-m+fp/hard\libc.a(libc_a-__call_atexit.o)
 *(.init_array*)
 .init_array    0x08006538        0x4 C:/ProgramData/MATLAB/SupportPackages/R2025b/3P.instrset/gnuarm-armcortex.instrset/win/bin/../lib/gcc/arm-none-eabi/13.2.1/thumb/v7e-m+fp/hard/crtbegin.o
                0x0800653c                        PROVIDE (__init_array_end = .)
                0x0800653c                        . = ALIGN (0x4)

.fini_array     0x0800653c        0x4
                0x0800653c                        . = ALIGN (0x4)
                0x0800653c                        PROVIDE (__fini_array_start = .)
 *(SORT_BY_NAME(.fini_array.*))
 *(.fini_array*)
 .fini_array    0x0800653c        0x4 C:/ProgramData/MATLAB/SupportPackages/R2025b/3P.instrset/gnuarm-armcortex.instrset/win/bin/../lib/gcc/arm-none-eabi/13.2.1/thumb/v7e-m+fp/hard/crtbegin.o
                0x08006540                        PROVIDE (__fini_array_end = .)
                0x08006540                        . = ALIGN (0x4)
                0x08006540                        _sidata = LOADADDR (.data)

.rel.dyn        0x08006540        0x0
 .rel.iplt      0x08006540        0x0 C:/ProgramData/MATLAB/SupportPackages/R2025b/3P.instrset/gnuarm-armcortex.instrset/win/bin/../lib/gcc/arm-none-eabi/13.2.1/thumb/v7e-m+fp/hard/crtbegin.o

.data           0x20000000       0x18 load address 0x08006540
                0x20000000                        . = ALIGN (0x4)
                0x20000000                        _sdata = .
 *(.data)
 *(.data*)
 .data.runModel
                0x20000000        0x1 ert_main.c.o
                0x20000000                runModel
 *fill*         0x20000001        0x3 
 .data.uwTickPrio
                0x20000004        0x4 stm32f4xx_hal.c.o
                0x20000004                uwTickPrio
 .data.uwTickFreq
                0x20000008        0x1 stm32f4xx_hal.c.o
                0x20000008                uwTickFreq
 *fill*         0x20000009        0x3 
 .data.uxCriticalNesting
                0x2000000c        0x4 port.c.o
 .data.SystemCoreClock
                0x20000010        0x4 system_stm32f4xx.c.o
                0x20000010                SystemCoreClock
 .data.__atexit_recursive_mutex
                0x20000014        0x4 C:/ProgramData/MATLAB/SupportPackages/R2025b/3P.instrset/gnuarm-armcortex.instrset/win/bin/../lib/gcc/arm-none-eabi/13.2.1/thumb/v7e-m+fp/hard\libc.a(libc_a-__call_atexit.o)
                0x20000014                __atexit_recursive_mutex
 *(.RamFunc)
 *(.RamFunc*)
                0x20000018                        . = ALIGN (0x4)
                0x20000018                        _edata = .

.tm_clone_table
                0x20000018        0x0 load address 0x08006558
 .tm_clone_table
                0x20000018        0x0 C:/ProgramData/MATLAB/SupportPackages/R2025b/3P.instrset/gnuarm-armcortex.instrset/win/bin/../lib/gcc/arm-none-eabi/13.2.1/thumb/v7e-m+fp/hard/crtbegin.o
 .tm_clone_table
                0x20000018        0x0 C:/ProgramData/MATLAB/SupportPackages/R2025b/3P.instrset/gnuarm-armcortex.instrset/win/bin/../lib/gcc/arm-none-eabi/13.2.1/thumb/v7e-m+fp/hard/crtend.o

.igot.plt       0x20000018        0x0 load address 0x08006558
 .igot.plt      0x20000018        0x0 C:/ProgramData/MATLAB/SupportPackages/R2025b/3P.instrset/gnuarm-armcortex.instrset/win/bin/../lib/gcc/arm-none-eabi/13.2.1/thumb/v7e-m+fp/hard/crtbegin.o
                0x20000018                        . = ALIGN (0x4)

.bss            0x20000018     0x4bec load address 0x08006558
                0x20000018                        _sbss = .
                0x20000018                        __bss_start__ = _sbss
 *(.bss)
 *(.bss*)
 .bss.completed.1
                0x20000018        0x1 C:/ProgramData/MATLAB/SupportPackages/R2025b/3P.instrset/gnuarm-armcortex.instrset/win/bin/../lib/gcc/arm-none-eabi/13.2.1/thumb/v7e-m+fp/hard/crtbegin.o
 *fill*         0x20000019        0x3 
 .bss.object.0  0x2000001c       0x18 C:/ProgramData/MATLAB/SupportPackages/R2025b/3P.instrset/gnuarm-armcortex.instrset/win/bin/../lib/gcc/arm-none-eabi/13.2.1/thumb/v7e-m+fp/hard/crtbegin.o
 .bss.stopRequested
                0x20000034        0x1 ert_main.c.o
                0x20000034                stopRequested
 *fill*         0x20000035        0x3 
 .bss.stopSem   0x20000038        0x4 ert_main.c.o
                0x20000038                stopSem
 .bss.baserateTaskSem
                0x2000003c        0x4 ert_main.c.o
                0x2000003c                baserateTaskSem
 .bss.subrateTaskSem
                0x20000040        0x4 ert_main.c.o
                0x20000040                subrateTaskSem
 .bss.taskId    0x20000044        0x4 ert_main.c.o
                0x20000044                taskId
 .bss.baseRateThread
                0x20000048       0x1c ert_main.c.o
                0x20000048                baseRateThread
 .bss.threadJoinStatus
                0x20000064        0x4 ert_main.c.o
                0x20000064                threadJoinStatus
 .bss.terminatingmodel
                0x20000068        0x4 ert_main.c.o
                0x20000068                terminatingmodel
 .bss.subRateThread
                0x2000006c       0x1c ert_main.c.o
                0x2000006c                subRateThread
 .bss.subratePriority
                0x20000088        0x4 ert_main.c.o
                0x20000088                subratePriority
 .bss.example_RTOS_DW
                0x2000008c       0x20 example_RTOS.c.o
                0x2000008c                example_RTOS_DW
 .bss.example_RTOS_M_
                0x200000ac        0x8 example_RTOS.c.o
 .bss.mw_scheduler_timer_def
                0x200000b4       0x20 mw_freertos_init.c.o
                0x200000b4                mw_scheduler_timer_def
 .bss.htim5     0x200000d4       0x48 stm32f4xx_hal_timebase_tim.c.o
                0x200000d4                htim5
 .bss.uwTick    0x2000011c        0x4 stm32f4xx_hal.c.o
                0x2000011c                uwTick
 .bss.xQueueRegistry
                0x20000120       0x40 queue.c.o
                0x20000120                xQueueRegistry
 .bss.pxCurrentTCB
                0x20000160        0x4 tasks.c.o
                0x20000160                pxCurrentTCB
 .bss.pxReadyTasksLists
                0x20000164      0x460 tasks.c.o
 .bss.xDelayedTaskList1
                0x200005c4       0x14 tasks.c.o
 .bss.xDelayedTaskList2
                0x200005d8       0x14 tasks.c.o
 .bss.pxDelayedTaskList
                0x200005ec        0x4 tasks.c.o
 .bss.pxOverflowDelayedTaskList
                0x200005f0        0x4 tasks.c.o
 .bss.xPendingReadyList
                0x200005f4       0x14 tasks.c.o
 .bss.xTasksWaitingTermination
                0x20000608       0x14 tasks.c.o
 .bss.uxDeletedTasksWaitingCleanUp
                0x2000061c        0x4 tasks.c.o
 .bss.xSuspendedTaskList
                0x20000620       0x14 tasks.c.o
 .bss.uxCurrentNumberOfTasks
                0x20000634        0x4 tasks.c.o
 .bss.xTickCount
                0x20000638        0x4 tasks.c.o
 .bss.uxTopReadyPriority
                0x2000063c        0x4 tasks.c.o
 .bss.xSchedulerRunning
                0x20000640        0x4 tasks.c.o
 .bss.xPendedTicks
                0x20000644        0x4 tasks.c.o
 .bss.xYieldPending
                0x20000648        0x4 tasks.c.o
 .bss.xNumOfOverflows
                0x2000064c        0x4 tasks.c.o
 .bss.uxTaskNumber
                0x20000650        0x4 tasks.c.o
 .bss.xNextTaskUnblockTime
                0x20000654        0x4 tasks.c.o
 .bss.xIdleTaskHandle
                0x20000658        0x4 tasks.c.o
 .bss.uxSchedulerSuspended
                0x2000065c        0x4 tasks.c.o
 .bss.xActiveTimerList1
                0x20000660       0x14 timers.c.o
 .bss.xActiveTimerList2
                0x20000674       0x14 timers.c.o
 .bss.pxCurrentTimerList
                0x20000688        0x4 timers.c.o
 .bss.pxOverflowTimerList
                0x2000068c        0x4 timers.c.o
 .bss.xTimerQueue
                0x20000690        0x4 timers.c.o
 .bss.xTimerTaskHandle
                0x20000694        0x4 timers.c.o
 .bss.xLastTime.2
                0x20000698        0x4 timers.c.o
 .bss.ucStaticTimerQueueStorage.1
                0x2000069c       0xa0 timers.c.o
 .bss.xStaticTimerQueue.0
                0x2000073c       0x50 timers.c.o
 .bss.Idle_TCB.3
                0x2000078c       0x5c cmsis_os2.c.o
 .bss.Idle_Stack.2
                0x200007e8      0x200 cmsis_os2.c.o
 .bss.Timer_TCB.1
                0x200009e8       0x5c cmsis_os2.c.o
 .bss.Timer_Stack.0
                0x20000a44      0x400 cmsis_os2.c.o
 .bss.ucHeap    0x20000e44     0x3c00 heap_4.c.o
 .bss.xStart    0x20004a44        0x8 heap_4.c.o
 .bss.pxEnd     0x20004a4c        0x4 heap_4.c.o
 .bss.xFreeBytesRemaining
                0x20004a50        0x4 heap_4.c.o
 .bss.xMinimumEverFreeBytesRemaining
                0x20004a54        0x4 heap_4.c.o
 .bss.xNumberOfSuccessfulAllocations
                0x20004a58        0x4 heap_4.c.o
 .bss.xNumberOfSuccessfulFrees
                0x20004a5c        0x4 heap_4.c.o
 .bss.xBlockAllocatedBit
                0x20004a60        0x4 heap_4.c.o
 .bss.ucMaxSysCallPriority
                0x20004a64        0x1 port.c.o
 *fill*         0x20004a65        0x3 
 .bss.ulMaxPRIGROUPValue
                0x20004a68        0x4 port.c.o
 .bss.__lock___atexit_recursive_mutex
                0x20004a6c        0x1 C:/ProgramData/MATLAB/SupportPackages/R2025b/3P.instrset/gnuarm-armcortex.instrset/win/bin/../lib/gcc/arm-none-eabi/13.2.1/thumb/v7e-m+fp/hard\libc.a(libc_a-lock.o)
                0x20004a6c                __lock___atexit_recursive_mutex
 *fill*         0x20004a6d        0x3 
 .bss.__atexit  0x20004a70        0x4 C:/ProgramData/MATLAB/SupportPackages/R2025b/3P.instrset/gnuarm-armcortex.instrset/win/bin/../lib/gcc/arm-none-eabi/13.2.1/thumb/v7e-m+fp/hard\libc.a(libc_a-__call_atexit.o)
                0x20004a70                __atexit
 .bss.__atexit0
                0x20004a74      0x190 C:/ProgramData/MATLAB/SupportPackages/R2025b/3P.instrset/gnuarm-armcortex.instrset/win/bin/../lib/gcc/arm-none-eabi/13.2.1/thumb/v7e-m+fp/hard\libc.a(libc_a-__atexit.o)
                0x20004a74                __atexit0
 *(COMMON)
                0x20004c04                        . = ALIGN (0x4)
                0x20004c04                        _ebss = .
                0x20004c04                        __bss_end__ = _ebss

._user_heap_stack
                0x20004c04      0x604 load address 0x08006558
                0x20004c08                        . = ALIGN (0x8)
 *fill*         0x20004c04        0x4 
                [!provide]                        PROVIDE (end = .)
                0x20004c08                        PROVIDE (_end = .)
                0x20004e08                        . = (. + _Min_Heap_Size)
 *fill*         0x20004c08      0x200 
                0x20005208                        . = (. + _Min_Stack_Size)
 *fill*         0x20004e08      0x400 
                0x20005208                        . = ALIGN (0x8)

/DISCARD/
 libc.a(*)
 libm.a(*)
 libgcc.a(*)

.ARM.attributes
                0x00000000       0x30
 *(.ARM.attributes)
 .ARM.attributes
                0x00000000       0x22 C:/ProgramData/MATLAB/SupportPackages/R2025b/3P.instrset/gnuarm-armcortex.instrset/win/bin/../lib/gcc/arm-none-eabi/13.2.1/thumb/v7e-m+fp/hard/crti.o
 .ARM.attributes
                0x00000022       0x34 C:/ProgramData/MATLAB/SupportPackages/R2025b/3P.instrset/gnuarm-armcortex.instrset/win/bin/../lib/gcc/arm-none-eabi/13.2.1/thumb/v7e-m+fp/hard/crtbegin.o
 .ARM.attributes
                0x00000056       0x34 ert_main.c.o
 .ARM.attributes
                0x0000008a       0x34 example_RTOS.c.o
 .ARM.attributes
                0x000000be       0x34 platform_timer.c.o
 .ARM.attributes
                0x000000f2       0x34 mw_freertos_init.c.o
 .ARM.attributes
                0x00000126       0x34 mw_thread.c.o
 .ARM.attributes
                0x0000015a       0x34 mw_timer.c.o
 .ARM.attributes
                0x0000018e       0x34 mw_semaphore.c.o
 .ARM.attributes
                0x000001c2       0x34 main.c.o
 .ARM.attributes
                0x000001f6       0x34 stm32f4xx_it.c.o
 .ARM.attributes
                0x0000022a       0x34 stm32f4xx_hal_msp.c.o
 .ARM.attributes
                0x0000025e       0x34 stm32f4xx_hal_timebase_tim.c.o
 .ARM.attributes
                0x00000292       0x34 stm32f4xx_ll_gpio.c.o
 .ARM.attributes
                0x000002c6       0x34 stm32f4xx_ll_rcc.c.o
 .ARM.attributes
                0x000002fa       0x34 stm32f4xx_ll_utils.c.o
 .ARM.attributes
                0x0000032e       0x34 stm32f4xx_ll_exti.c.o
 .ARM.attributes
                0x00000362       0x34 stm32f4xx_hal_rcc.c.o
 .ARM.attributes
                0x00000396       0x34 stm32f4xx_hal_cortex.c.o
 .ARM.attributes
                0x000003ca       0x34 stm32f4xx_hal.c.o
 .ARM.attributes
                0x000003fe       0x34 stm32f4xx_hal_tim.c.o
 .ARM.attributes
                0x00000432       0x34 stm32f4xx_hal_tim_ex.c.o
 .ARM.attributes
                0x00000466       0x34 stm32f4xx_ll_usart.c.o
 .ARM.attributes
                0x0000049a       0x34 list.c.o
 .ARM.attributes
                0x000004ce       0x34 queue.c.o
 .ARM.attributes
                0x00000502       0x34 tasks.c.o
 .ARM.attributes
                0x00000536       0x34 timers.c.o
 .ARM.attributes
                0x0000056a       0x34 cmsis_os2.c.o
 .ARM.attributes
                0x0000059e       0x34 heap_4.c.o
 .ARM.attributes
                0x000005d2       0x34 port.c.o
 .ARM.attributes
                0x00000606       0x34 system_stm32f4xx.c.o
 .ARM.attributes
                0x0000063a       0x21 startup_stm32f411retx.s.o
 .ARM.attributes
                0x0000065b       0x22 C:/ProgramData/MATLAB/SupportPackages/R2025b/3P.instrset/gnuarm-armcortex.instrset/win/bin/../lib/gcc/arm-none-eabi/13.2.1/thumb/v7e-m+fp/hard\libgcc.a(_arm_truncdfsf2.o)
 .ARM.attributes
                0x0000067d       0x22 C:/ProgramData/MATLAB/SupportPackages/R2025b/3P.instrset/gnuarm-armcortex.instrset/win/bin/../lib/gcc/arm-none-eabi/13.2.1/thumb/v7e-m+fp/hard\libgcc.a(_aeabi_uldivmod.o)
 .ARM.attributes
                0x0000069f       0x34 C:/ProgramData/MATLAB/SupportPackages/R2025b/3P.instrset/gnuarm-armcortex.instrset/win/bin/../lib/gcc/arm-none-eabi/13.2.1/thumb/v7e-m+fp/hard\libgcc.a(_udivmoddi4.o)
 .ARM.attributes
                0x000006d3       0x22 C:/ProgramData/MATLAB/SupportPackages/R2025b/3P.instrset/gnuarm-armcortex.instrset/win/bin/../lib/gcc/arm-none-eabi/13.2.1/thumb/v7e-m+fp/hard\libgcc.a(_dvmd_tls.o)
 .ARM.attributes
                0x000006f5       0x34 C:/ProgramData/MATLAB/SupportPackages/R2025b/3P.instrset/gnuarm-armcortex.instrset/win/bin/../lib/gcc/arm-none-eabi/13.2.1/thumb/v7e-m+fp/hard\libc.a(libc_a-memset.o)
 .ARM.attributes
                0x00000729       0x34 C:/ProgramData/MATLAB/SupportPackages/R2025b/3P.instrset/gnuarm-armcortex.instrset/win/bin/../lib/gcc/arm-none-eabi/13.2.1/thumb/v7e-m+fp/hard\libc.a(libc_a-init.o)
 .ARM.attributes
                0x0000075d       0x34 C:/ProgramData/MATLAB/SupportPackages/R2025b/3P.instrset/gnuarm-armcortex.instrset/win/bin/../lib/gcc/arm-none-eabi/13.2.1/thumb/v7e-m+fp/hard\libc.a(libc_a-lock.o)
 .ARM.attributes
                0x00000791       0x20 C:/ProgramData/MATLAB/SupportPackages/R2025b/3P.instrset/gnuarm-armcortex.instrset/win/bin/../lib/gcc/arm-none-eabi/13.2.1/thumb/v7e-m+fp/hard\libc.a(libc_a-memcpy.o)
 .ARM.attributes
                0x000007b1       0x34 C:/ProgramData/MATLAB/SupportPackages/R2025b/3P.instrset/gnuarm-armcortex.instrset/win/bin/../lib/gcc/arm-none-eabi/13.2.1/thumb/v7e-m+fp/hard\libc.a(libc_a-__call_atexit.o)
 .ARM.attributes
                0x000007e5       0x34 C:/ProgramData/MATLAB/SupportPackages/R2025b/3P.instrset/gnuarm-armcortex.instrset/win/bin/../lib/gcc/arm-none-eabi/13.2.1/thumb/v7e-m+fp/hard\libc.a(libc_a-atexit.o)
 .ARM.attributes
                0x00000819       0x34 C:/ProgramData/MATLAB/SupportPackages/R2025b/3P.instrset/gnuarm-armcortex.instrset/win/bin/../lib/gcc/arm-none-eabi/13.2.1/thumb/v7e-m+fp/hard\libc.a(libc_a-fini.o)
 .ARM.attributes
                0x0000084d       0x34 C:/ProgramData/MATLAB/SupportPackages/R2025b/3P.instrset/gnuarm-armcortex.instrset/win/bin/../lib/gcc/arm-none-eabi/13.2.1/thumb/v7e-m+fp/hard\libc.a(libc_a-__atexit.o)
 .ARM.attributes
                0x00000881       0x34 C:/ProgramData/MATLAB/SupportPackages/R2025b/3P.instrset/gnuarm-armcortex.instrset/win/bin/../lib/gcc/arm-none-eabi/13.2.1/thumb/v7e-m+fp/hard/crtend.o
 .ARM.attributes
                0x000008b5       0x22 C:/ProgramData/MATLAB/SupportPackages/R2025b/3P.instrset/gnuarm-armcortex.instrset/win/bin/../lib/gcc/arm-none-eabi/13.2.1/thumb/v7e-m+fp/hard/crtn.o
OUTPUT(../example_RTOS.elf elf32-littlearm)
LOAD linker stubs
LOAD C:/ProgramData/MATLAB/SupportPackages/R2025b/3P.instrset/gnuarm-armcortex.instrset/win/bin/../lib/gcc/arm-none-eabi/13.2.1/thumb/v7e-m+fp/hard\libc.a
LOAD C:/ProgramData/MATLAB/SupportPackages/R2025b/3P.instrset/gnuarm-armcortex.instrset/win/bin/../lib/gcc/arm-none-eabi/13.2.1/thumb/v7e-m+fp/hard\libm.a
LOAD C:/ProgramData/MATLAB/SupportPackages/R2025b/3P.instrset/gnuarm-armcortex.instrset/win/bin/../lib/gcc/arm-none-eabi/13.2.1/thumb/v7e-m+fp/hard\libgcc.a

.comment        0x00000000       0x44
 .comment       0x00000000       0x44 ert_main.c.o
                                 0x45 (size before relaxing)
 .comment       0x00000044       0x45 example_RTOS.c.o
 .comment       0x00000044       0x45 platform_timer.c.o
 .comment       0x00000044       0x45 mw_freertos_init.c.o
 .comment       0x00000044       0x45 mw_thread.c.o
 .comment       0x00000044       0x45 mw_timer.c.o
 .comment       0x00000044       0x45 mw_semaphore.c.o
 .comment       0x00000044       0x45 main.c.o
 .comment       0x00000044       0x45 stm32f4xx_it.c.o
 .comment       0x00000044       0x45 stm32f4xx_hal_msp.c.o
 .comment       0x00000044       0x45 stm32f4xx_hal_timebase_tim.c.o
 .comment       0x00000044       0x45 stm32f4xx_ll_gpio.c.o
 .comment       0x00000044       0x45 stm32f4xx_ll_rcc.c.o
 .comment       0x00000044       0x45 stm32f4xx_ll_utils.c.o
 .comment       0x00000044       0x45 stm32f4xx_ll_exti.c.o
 .comment       0x00000044       0x45 stm32f4xx_hal_rcc.c.o
 .comment       0x00000044       0x45 stm32f4xx_hal_cortex.c.o
 .comment       0x00000044       0x45 stm32f4xx_hal.c.o
 .comment       0x00000044       0x45 stm32f4xx_hal_tim.c.o
 .comment       0x00000044       0x45 stm32f4xx_hal_tim_ex.c.o
 .comment       0x00000044       0x45 stm32f4xx_ll_usart.c.o
 .comment       0x00000044       0x45 list.c.o
 .comment       0x00000044       0x45 queue.c.o
 .comment       0x00000044       0x45 tasks.c.o
 .comment       0x00000044       0x45 timers.c.o
 .comment       0x00000044       0x45 cmsis_os2.c.o
 .comment       0x00000044       0x45 heap_4.c.o
 .comment       0x00000044       0x45 port.c.o
 .comment       0x00000044       0x45 system_stm32f4xx.c.o

.debug_line_str
                0x00000000      0x1c5
 .debug_line_str
                0x00000000      0x1c5 C:/ProgramData/MATLAB/SupportPackages/R2025b/3P.instrset/gnuarm-armcortex.instrset/win/bin/../lib/gcc/arm-none-eabi/13.2.1/thumb/v7e-m+fp/hard\libgcc.a(_arm_truncdfsf2.o)
                                 0xce (size before relaxing)
 .debug_line_str
                0x000001c5       0xc9 C:/ProgramData/MATLAB/SupportPackages/R2025b/3P.instrset/gnuarm-armcortex.instrset/win/bin/../lib/gcc/arm-none-eabi/13.2.1/thumb/v7e-m+fp/hard\libgcc.a(_aeabi_uldivmod.o)
 .debug_line_str
                0x000001c5       0xcd C:/ProgramData/MATLAB/SupportPackages/R2025b/3P.instrset/gnuarm-armcortex.instrset/win/bin/../lib/gcc/arm-none-eabi/13.2.1/thumb/v7e-m+fp/hard\libgcc.a(_dvmd_tls.o)
 .debug_line_str
                0x000001c5       0xe3 C:/ProgramData/MATLAB/SupportPackages/R2025b/3P.instrset/gnuarm-armcortex.instrset/win/bin/../lib/gcc/arm-none-eabi/13.2.1/thumb/v7e-m+fp/hard\libc.a(libc_a-memcpy.o)

.debug_frame    0x00000000      0x270
 .debug_frame   0x00000000       0x24 C:/ProgramData/MATLAB/SupportPackages/R2025b/3P.instrset/gnuarm-armcortex.instrset/win/bin/../lib/gcc/arm-none-eabi/13.2.1/thumb/v7e-m+fp/hard\libgcc.a(_arm_truncdfsf2.o)
 .debug_frame   0x00000024       0x2c C:/ProgramData/MATLAB/SupportPackages/R2025b/3P.instrset/gnuarm-armcortex.instrset/win/bin/../lib/gcc/arm-none-eabi/13.2.1/thumb/v7e-m+fp/hard\libgcc.a(_aeabi_uldivmod.o)
 .debug_frame   0x00000050       0x34 C:/ProgramData/MATLAB/SupportPackages/R2025b/3P.instrset/gnuarm-armcortex.instrset/win/bin/../lib/gcc/arm-none-eabi/13.2.1/thumb/v7e-m+fp/hard\libgcc.a(_udivmoddi4.o)
 .debug_frame   0x00000084       0x2c C:/ProgramData/MATLAB/SupportPackages/R2025b/3P.instrset/gnuarm-armcortex.instrset/win/bin/../lib/gcc/arm-none-eabi/13.2.1/thumb/v7e-m+fp/hard\libc.a(libc_a-memset.o)
 .debug_frame   0x000000b0       0x2c C:/ProgramData/MATLAB/SupportPackages/R2025b/3P.instrset/gnuarm-armcortex.instrset/win/bin/../lib/gcc/arm-none-eabi/13.2.1/thumb/v7e-m+fp/hard\libc.a(libc_a-init.o)
 .debug_frame   0x000000dc       0xb0 C:/ProgramData/MATLAB/SupportPackages/R2025b/3P.instrset/gnuarm-armcortex.instrset/win/bin/../lib/gcc/arm-none-eabi/13.2.1/thumb/v7e-m+fp/hard\libc.a(libc_a-lock.o)
 .debug_frame   0x0000018c       0x5c C:/ProgramData/MATLAB/SupportPackages/R2025b/3P.instrset/gnuarm-armcortex.instrset/win/bin/../lib/gcc/arm-none-eabi/13.2.1/thumb/v7e-m+fp/hard\libc.a(libc_a-__call_atexit.o)
 .debug_frame   0x000001e8       0x20 C:/ProgramData/MATLAB/SupportPackages/R2025b/3P.instrset/gnuarm-armcortex.instrset/win/bin/../lib/gcc/arm-none-eabi/13.2.1/thumb/v7e-m+fp/hard\libc.a(libc_a-atexit.o)
 .debug_frame   0x00000208       0x34 C:/ProgramData/MATLAB/SupportPackages/R2025b/3P.instrset/gnuarm-armcortex.instrset/win/bin/../lib/gcc/arm-none-eabi/13.2.1/thumb/v7e-m+fp/hard\libc.a(libc_a-fini.o)
 .debug_frame   0x0000023c       0x34 C:/ProgramData/MATLAB/SupportPackages/R2025b/3P.instrset/gnuarm-armcortex.instrset/win/bin/../lib/gcc/arm-none-eabi/13.2.1/thumb/v7e-m+fp/hard\libc.a(libc_a-__atexit.o)
